  Processing .\GameDemo.idl
  GameDemo.idl
  Processing C:\Program Files (x86)\Windows Kits\8.1\Include\um\oaidl.idl
  oaidl.idl
  Processing C:\Program Files (x86)\Windows Kits\8.1\Include\um\objidl.idl
  objidl.idl
  Processing C:\Program Files (x86)\Windows Kits\8.1\Include\um\unknwn.idl
  unknwn.idl
  Processing C:\Program Files (x86)\Windows Kits\8.1\Include\shared\wtypes.idl
  wtypes.idl
  Processing C:\Program Files (x86)\Windows Kits\8.1\Include\shared\wtypesbase.idl
  wtypesbase.idl
  Processing C:\Program Files (x86)\Windows Kits\8.1\Include\shared\basetsd.h
  basetsd.h
  Processing C:\Program Files (x86)\Windows Kits\8.1\Include\shared\guiddef.h
  guiddef.h
  Processing C:\Program Files (x86)\Windows Kits\8.1\Include\um\ocidl.idl
  ocidl.idl
  Processing C:\Program Files (x86)\Windows Kits\8.1\Include\um\oleidl.idl
  oleidl.idl
  Processing C:\Program Files (x86)\Windows Kits\8.1\Include\um\servprov.idl
  servprov.idl
  Processing C:\Program Files (x86)\Windows Kits\8.1\Include\um\urlmon.idl
  urlmon.idl
  Processing C:\Program Files (x86)\Windows Kits\8.1\Include\um\msxml.idl
  msxml.idl
  Processing C:\Program Files (x86)\Windows Kits\8.1\Include\um\oaidl.acf
  oaidl.acf
  Processing C:\Program Files (x86)\Windows Kits\8.1\Include\um\ocidl.acf
  ocidl.acf
  stdafx.cpp
  PropSliderCtrl.cpp
  ObjectDemoExperiment.cpp
  GameDemoSimulation.cpp
  GameDemo.cpp
  AddinSimulationManager.cpp
  Generating Code...
  dllmain.cpp
  xdlldata.c
  GameDemo_i.c
  Generating Code...
     Creating library D:\eurekasim-main\SDK\PluginSamples\CPP\GameDemo\Debug\GameDemo.lib and object D:\eurekasim-main\SDK\PluginSamples\CPP\GameDemo\Debug\GameDemo.exp
  GameDemo.vcxproj -> D:\eurekasim-main\SDK\PluginSamples\CPP\GameDemo\Debug\GameDemo.dll
  GameDemo.vcxproj -> D:\eurekasim-main\SDK\PluginSamples\CPP\GameDemo\Debug\GameDemo.pdb (Full PDB)
C:\Program Files (x86)\MSBuild\Microsoft.Cpp\v4.0\V140\Microsoft.CppCommon.targets(1749,5): warning MSB3075: The command "regsvr32 /s "D:\eurekasim-main\SDK\PluginSamples\CPP\GameDemo\Debug\GameDemo.dll"" exited with code 5. Please verify that you have sufficient rights to run this command.
C:\Program Files (x86)\MSBuild\Microsoft.Cpp\v4.0\V140\Microsoft.CppCommon.targets(1761,5): error MSB8011: Failed to register output. Please try enabling Per-user Redirection or register the component from a command prompt with elevated permissions.
